// Jest Snapshot v1, https://goo.gl/fbAQLP

exports[`Quality Criterion Page uses state to populate values 1`] = `
Array [
  <hr
    className="hr u-mb45 u-mt30"
  />,
  <h2
    className="h1"
  >
    <span
      className="a-icon a-icon__large a-icon__space-after"
    >
      <svg
        class="cf-icon-svg"
        viewBox="0 0 1000 1200"
        xmlns="http://www.w3.org/2000/svg"
      >
        <path
          d="M500 105.2c-276.1 0-500 223.9-500 500s223.9 500 500 500 500-223.9 500-500-223.9-500-500-500zm329.9 449.4l-68.7 63.5-69.3 64.1 27.5 138.5 9.1 45.9c10.1 50.9-18.7 71.9-64 46.5l-164.1-91.8-164.1 91.8c-45.3 25.4-74.1 4.4-64-46.5l9.1-45.9 9.1-45.9 18.4-92.6-69.3-64.1-34.4-31.8-34.4-31.8c-38.1-35.3-27.1-69.1 24.4-75.2l93-11 93.8-11.1L441.3 329l19.6-42.5c21.8-47.2 57.4-47.2 79.1 0l19.6 42.5 59.2 128.2 93.8 11.1 93 11c51.4 6.2 62.4 40.1 24.3 75.3z"
        />
      </svg>
    </span>
    Quality
  </h2>,
  <p
    className="lead-paragraph"
  >
    The quality dimension assesses whether curriculum materials are clear, accurate, and objective and how easy the materials are for teachers and students to access. Evaluation criteria are based on research and major national and state education standards. 
    <a
      href="https://s3.amazonaws.com/files.consumerfinance.gov/f/201509_cfpb_youth-financialeducation-curriculum-review.pdf"
      rel="noopener noreferrer"
      target="_blank"
    >
      Learn more about how the review was developed
    </a>
    .
  </p>,
  <h3
    className="h2"
  >
    Instructions
  </h3>,
  <ul>
    <li>
      Read the lessons plans and supporting material for the curriculum.
    </li>
    <li>
      Answer each of the following questions.
    </li>
  </ul>,
  <div
    className="o-well u-mb30 u-mt30"
  >
    <h4>
      This dimension has 
      <em>
        essential
      </em>
       and 
      <em>
        beneficial
      </em>
       components.
    </h4>
    <p>
      <b>
        <em>
          Essential components
        </em>
      </b>
       have been shown to positively impact student learning.
      <br />
      <b>
        <em>
          Beneficial components
        </em>
      </b>
       hold promise for positive impact on student learning, but may be more relevant and useful for some reviewers. Beneficial components are marked with a note; all others are essential. You must answer all components.
    </p>
    <p>
      <button
        className="a-btn a-btn__link"
        onClick={[Function]}
      >
        How can I save my work?
      </button>
      <div
        aria-describedby="modal-save-work_desc"
        aria-hidden="true"
        aria-labelledby="modal-save-work_title"
        className="o-modal"
        id="modal-save-work"
        role="alertdialog"
      >
        <div
          className="o-modal_backdrop"
        />
        <div
          className="o-modal_container"
        >
          <form
            className="o-modal_content"
          >
            <div
              className="o-modal_body"
            >
              <button
                className="o-modal_close a-btn a-btn__link"
                onClick={[Function]}
              >
                Close
                <span
                  className="a-icon a-icon__large a-icon__space-before"
                >
                  <svg
                    class="cf-icon-svg"
                    viewBox="0 0 1000 1200"
                    xmlns="http://www.w3.org/2000/svg"
                  >
                    <path
                      d="M500 105.2c-276.1 0-500 223.9-500 500s223.9 500 500 500 500-223.9 500-500-223.9-500-500-500zm261.8 692.2c19.4 19.6 19.3 51.3-.3 70.7-19.5 19.3-50.9 19.3-70.4 0L499.6 676.6 308 868.1c-19.6 19.4-51.3 19.3-70.7-.3-19.3-19.5-19.3-50.9 0-70.4l191.6-191.5-191.6-191.6c-19.3-19.8-18.9-51.4.9-70.7 19.4-18.9 50.4-18.9 69.8 0l191.6 191.5 191.5-191.5c19.6-19.4 51.3-19.3 70.7.3 19.3 19.5 19.3 50.9 0 70.4L570.3 605.9l191.5 191.5z"
                    />
                  </svg>
                </span>
              </button>
              <h1
                className="h3"
                id="modal-save-work_title"
              >
                Saving your work
              </h1>
              <div
                id="modal-save-work_desc"
              >
                <p>
                  This tool uses cookies to 
                  <strong>
                    temporarily
                  </strong>
                   save your work. To see answers you’ve already completed, you need to use the same computer and browser, and don’t clear your cookies.
                </p>
                <p>
                  To save a permanent copy of your work, please print the summary or save it as a PDF for every dimension as you complete it. You can also print or save a summary of the entire review. Learn how to 
                  <a
                    href="https://www.consumerfinance.gov/consumer-tools/save-as-pdf-instructions/"
                    rel="noopener noreferrer"
                    target="_blank"
                  >
                    save the summary as a PDF
                  </a>
                  .
                </p>
                <p>
                  You can only work on a single curriculum at a time
                </p>
              </div>
            </div>
            <div
              className="o-modal_footer"
            >
              <button
                className="a-btn"
                onClick={[Function]}
              >
                Close
              </button>
            </div>
          </form>
        </div>
      </div>
    </p>
  </div>,
  <hr
    className="hr u-mb30 u-mt30"
  />,
  <div
    className="block block__flush-top"
  >
    <h3
      className="h2"
    >
      Criterion 1: Accessibility
    </h3>
    <p
      className="lead-paragraph"
    >
      Are curriculum materials physically accessible to teachers and students in a typical school setting?
    </p>
    <ol
      className="m-list__unstyled"
    >
      <li
        className="o-survey"
      >
        <div
          className="o-survey_number"
        >
          <h4
            className="h3"
          >
            1.1
          </h4>
        </div>
        <div
          className="o-survey_indicator"
        >
          <h5
            className="h3"
          >
            Indicator
          </h5>
          <p>
            Web-based materials can be accessed using typical school technology and software; links are viewable and work. Paper-based materials are available for a moderate and clearly stated price.
          </p>
        </div>
        <div
          className="o-survey_components"
        >
          <h5
            className="h3"
          >
            Component
          </h5>
          <div
            className="o-survey_component"
          >
            <div
              className="o-survey_question"
            >
              <p>
                If there are 
                <strong>
                  paper-based materials:
                </strong>
              </p>
              <p>
                Are paper-based materials available at no cost or for a clearly stated price?
              </p>
              <div
                className="m-form-field m-form-field__text"
              >
                <label
                  className="a-label a-label__heading"
                  for="quality-crt-text-optional-1.1.1"
                >
                  Cost of materials per student: $
                </label>
                <input
                  className="a-text-input a-text-input__full"
                  id="quality-crt-text-optional-1.1.1"
                  onChange={[Function]}
                  type="text"
                  value={undefined}
                />
              </div>
            </div>
            <div
              className="o-survey_answer"
            >
              <div
                className="m-form-field m-form-field__radio m-form-field__lg-target"
              >
                <input
                  checked={false}
                  className="a-radio"
                  id="quality-crt-question-1.1.1a"
                  name="quality-crt-question-1.1.1"
                  onChange={[Function]}
                  type="radio"
                  value="0"
                />
                <label
                  className="a-label"
                  htmlFor="quality-crt-question-1.1.1a"
                >
                  Yes
                </label>
              </div>
              <div
                className="m-form-field m-form-field__radio m-form-field__lg-target"
              >
                <input
                  checked={false}
                  className="a-radio"
                  id="quality-crt-question-1.1.1b"
                  name="quality-crt-question-1.1.1"
                  onChange={[Function]}
                  type="radio"
                  value="0"
                />
                <label
                  className="a-label"
                  htmlFor="quality-crt-question-1.1.1b"
                >
                  No
                </label>
              </div>
              <div
                className="m-form-field m-form-field__radio m-form-field__lg-target"
              >
                <input
                  checked={false}
                  className="a-radio"
                  id="quality-crt-question-1.1.1c"
                  name="quality-crt-question-1.1.1"
                  onChange={[Function]}
                  type="radio"
                  value="0"
                />
                <label
                  className="a-label"
                  htmlFor="quality-crt-question-1.1.1c"
                >
                  N/A
                </label>
              </div>
            </div>
          </div>
          <div
            className="o-survey_component"
          >
            <div
              className="o-survey_question"
            >
              <p>
                If there are 
                <strong>
                  links
                </strong>
                :
              </p>
              <p>
                Do the links take the user to the appropriate, live website?
              </p>
            </div>
            <div
              className="o-survey_answer"
            >
              <div
                className="m-form-field m-form-field__radio m-form-field__lg-target"
              >
                <input
                  checked={false}
                  className="a-radio"
                  id="quality-crt-question-1.1.2a"
                  name="quality-crt-question-1.1.2"
                  onChange={[Function]}
                  type="radio"
                  value="0"
                />
                <label
                  className="a-label"
                  htmlFor="quality-crt-question-1.1.2a"
                >
                  Yes
                </label>
              </div>
              <div
                className="m-form-field m-form-field__radio m-form-field__lg-target"
              >
                <input
                  checked={false}
                  className="a-radio"
                  id="quality-crt-question-1.1.2b"
                  name="quality-crt-question-1.1.2"
                  onChange={[Function]}
                  type="radio"
                  value="0"
                />
                <label
                  className="a-label"
                  htmlFor="quality-crt-question-1.1.2b"
                >
                  No
                </label>
              </div>
              <div
                className="m-form-field m-form-field__radio m-form-field__lg-target"
              >
                <input
                  checked={false}
                  className="a-radio"
                  id="quality-crt-question-1.1.2c"
                  name="quality-crt-question-1.1.2"
                  onChange={[Function]}
                  type="radio"
                  value="0"
                />
                <label
                  className="a-label"
                  htmlFor="quality-crt-question-1.1.2c"
                >
                  N/A
                </label>
              </div>
            </div>
          </div>
          <div
            className="o-survey_component"
          >
            <div
              className="o-survey_question"
            >
              <p>
                If there are 
                <strong>
                  web-based materials:
                </strong>
              </p>
              <p>
                Can web-based material be accessed without purchasing specialized software?
              </p>
              <p
                className="o-survey_question-helper"
              >
                Beneficial, but not essential.
              </p>
              <div
                className="m-form-field m-form-field__text"
              >
                <label
                  className="a-label a-label__heading"
                  for="quality-crt-text-optional-1.1.3"
                >
                  Specialized software
                </label>
                <input
                  className="a-text-input a-text-input__full"
                  id="quality-crt-text-optional-1.1.3"
                  onChange={[Function]}
                  type="text"
                  value={undefined}
                />
              </div>
            </div>
            <div
              className="o-survey_answer"
            >
              <div
                className="m-form-field m-form-field__radio m-form-field__lg-target"
              >
                <input
                  checked={false}
                  className="a-radio"
                  id="quality-crt-question-1.1.3a"
                  name="quality-crt-question-1.1.3"
                  onChange={[Function]}
                  type="radio"
                  value="0"
                />
                <label
                  className="a-label"
                  htmlFor="quality-crt-question-1.1.3a"
                >
                  Yes
                </label>
              </div>
              <div
                className="m-form-field m-form-field__radio m-form-field__lg-target"
              >
                <input
                  checked={false}
                  className="a-radio"
                  id="quality-crt-question-1.1.3b"
                  name="quality-crt-question-1.1.3"
                  onChange={[Function]}
                  type="radio"
                  value="0"
                />
                <label
                  className="a-label"
                  htmlFor="quality-crt-question-1.1.3b"
                >
                  No
                </label>
              </div>
              <div
                className="m-form-field m-form-field__radio m-form-field__lg-target"
              >
                <input
                  checked={false}
                  className="a-radio"
                  id="quality-crt-question-1.1.3c"
                  name="quality-crt-question-1.1.3"
                  onChange={[Function]}
                  type="radio"
                  value="0"
                />
                <label
                  className="a-label"
                  htmlFor="quality-crt-question-1.1.3c"
                >
                  N/A
                </label>
              </div>
            </div>
          </div>
        </div>
      </li>
      <li
        className="o-survey"
      >
        <div
          className="o-survey_number"
        >
          <h4
            className="h3"
          >
            1.2
          </h4>
        </div>
        <div
          className="o-survey_indicator"
        >
          <h5
            className="h3"
          >
            Indicator
          </h5>
          <p>
            Copyright limitations on use are minimal and clearly stated.
          </p>
        </div>
        <div
          className="o-survey_components"
        >
          <h5
            className="h3"
          >
            Component
          </h5>
          <div
            className="o-survey_component"
          >
            <div
              className="o-survey_question"
            >
              <p>
                If there are limitations on use, are 
                <strong>
                  limitations clearly specified
                </strong>
                ? (e.g., materials are copyrighted or must be purchased)
              </p>
            </div>
            <div
              className="o-survey_answer"
            >
              <div
                className="m-form-field m-form-field__radio m-form-field__lg-target"
              >
                <input
                  checked={false}
                  className="a-radio"
                  id="quality-crt-question-1.2.1a"
                  name="quality-crt-question-1.2.1"
                  onChange={[Function]}
                  type="radio"
                  value="0"
                />
                <label
                  className="a-label"
                  htmlFor="quality-crt-question-1.2.1a"
                >
                  Yes
                </label>
              </div>
              <div
                className="m-form-field m-form-field__radio m-form-field__lg-target"
              >
                <input
                  checked={false}
                  className="a-radio"
                  id="quality-crt-question-1.2.1b"
                  name="quality-crt-question-1.2.1"
                  onChange={[Function]}
                  type="radio"
                  value="0"
                />
                <label
                  className="a-label"
                  htmlFor="quality-crt-question-1.2.1b"
                >
                  No
                </label>
              </div>
              <div
                className="m-form-field m-form-field__radio m-form-field__lg-target"
              >
                <input
                  checked={false}
                  className="a-radio"
                  id="quality-crt-question-1.2.1c"
                  name="quality-crt-question-1.2.1"
                  onChange={[Function]}
                  type="radio"
                  value="0"
                />
                <label
                  className="a-label"
                  htmlFor="quality-crt-question-1.2.1c"
                >
                  N/A
                </label>
              </div>
            </div>
          </div>
          <div
            className="o-survey_component"
          >
            <div
              className="o-survey_question"
            >
              <p>
                Are the materials free from limitations on use that might interfere with delivery in a classroom setting?
              </p>
            </div>
            <div
              className="o-survey_answer"
            >
              <div
                className="m-form-field m-form-field__radio m-form-field__lg-target"
              >
                <input
                  checked={false}
                  className="a-radio"
                  id="quality-crt-question-1.2.2a"
                  name="quality-crt-question-1.2.2"
                  onChange={[Function]}
                  type="radio"
                  value="0"
                />
                <label
                  className="a-label"
                  htmlFor="quality-crt-question-1.2.2a"
                >
                  Yes
                </label>
              </div>
              <div
                className="m-form-field m-form-field__radio m-form-field__lg-target"
              >
                <input
                  checked={false}
                  className="a-radio"
                  id="quality-crt-question-1.2.2b"
                  name="quality-crt-question-1.2.2"
                  onChange={[Function]}
                  type="radio"
                  value="0"
                />
                <label
                  className="a-label"
                  htmlFor="quality-crt-question-1.2.2b"
                >
                  No
                </label>
              </div>
            </div>
          </div>
        </div>
      </li>
      <li
        className="o-survey"
      >
        <div
          className="o-survey_number"
        >
          <h4
            className="h3"
          >
            1.3
          </h4>
        </div>
        <div
          className="o-survey_indicator"
        >
          <h5
            className="h3"
          >
            Indicator
          </h5>
          <p>
            Materials are available in alternate languages and include special needs formats (e.g., Braille).
          </p>
        </div>
        <div
          className="o-survey_components"
        >
          <h5
            className="h3"
          >
            Component
          </h5>
          <div
            className="o-survey_component"
          >
            <div
              className="o-survey_question"
            >
              <p>
                Do the materials include any special needs formats? (e.g., Braille)
              </p>
              <div
                className="m-form-field m-form-field__text"
              >
                <label
                  className="a-label a-label__heading"
                  for="quality-crt-text-optional-1.3.1"
                >
                  Special needs formats include:
                </label>
                <input
                  className="a-text-input a-text-input__full"
                  id="quality-crt-text-optional-1.3.1"
                  onChange={[Function]}
                  type="text"
                  value={undefined}
                />
              </div>
            </div>
            <div
              className="o-survey_answer"
            >
              <div
                className="m-form-field m-form-field__radio m-form-field__lg-target"
              >
                <input
                  checked={false}
                  className="a-radio"
                  id="quality-crt-question-1.3.1a"
                  name="quality-crt-question-1.3.1"
                  onChange={[Function]}
                  type="radio"
                  value="0"
                />
                <label
                  className="a-label"
                  htmlFor="quality-crt-question-1.3.1a"
                >
                  Yes
                </label>
              </div>
              <div
                className="m-form-field m-form-field__radio m-form-field__lg-target"
              >
                <input
                  checked={false}
                  className="a-radio"
                  id="quality-crt-question-1.3.1b"
                  name="quality-crt-question-1.3.1"
                  onChange={[Function]}
                  type="radio"
                  value="0"
                />
                <label
                  className="a-label"
                  htmlFor="quality-crt-question-1.3.1b"
                >
                  No
                </label>
              </div>
              <div
                className="m-form-field m-form-field__radio m-form-field__lg-target"
              >
                <input
                  checked={false}
                  className="a-radio"
                  id="quality-crt-question-1.3.1c"
                  name="quality-crt-question-1.3.1"
                  onChange={[Function]}
                  type="radio"
                  value="0"
                />
                <label
                  className="a-label"
                  htmlFor="quality-crt-question-1.3.1c"
                >
                  N/A
                </label>
              </div>
            </div>
          </div>
          <div
            className="o-survey_component"
          >
            <div
              className="o-survey_question"
            >
              <p>
                Are the materials available in languages other than English?
              </p>
              <p
                className="o-survey_question-helper"
              >
                Beneficial, but not essential.
              </p>
              <div
                className="m-form-field m-form-field__text"
              >
                <label
                  className="a-label a-label__heading"
                  for="quality-crt-text-optional-1.3.2"
                >
                  Languages included:
                </label>
                <input
                  className="a-text-input a-text-input__full"
                  id="quality-crt-text-optional-1.3.2"
                  onChange={[Function]}
                  type="text"
                  value={undefined}
                />
              </div>
            </div>
            <div
              className="o-survey_answer"
            >
              <div
                className="m-form-field m-form-field__radio m-form-field__lg-target"
              >
                <input
                  checked={false}
                  className="a-radio"
                  id="quality-crt-question-1.3.2a"
                  name="quality-crt-question-1.3.2"
                  onChange={[Function]}
                  type="radio"
                  value="0"
                />
                <label
                  className="a-label"
                  htmlFor="quality-crt-question-1.3.2a"
                >
                  Yes
                </label>
              </div>
              <div
                className="m-form-field m-form-field__radio m-form-field__lg-target"
              >
                <input
                  checked={false}
                  className="a-radio"
                  id="quality-crt-question-1.3.2b"
                  name="quality-crt-question-1.3.2"
                  onChange={[Function]}
                  type="radio"
                  value="0"
                />
                <label
                  className="a-label"
                  htmlFor="quality-crt-question-1.3.2b"
                >
                  No
                </label>
              </div>
            </div>
          </div>
          <div
            className="o-survey_component"
          >
            <div
              className="o-survey_question"
            >
              <p>
                Written materials and physical products are durable and reusable or easy to replace.
              </p>
              <p
                className="o-survey_question-helper"
              >
                Beneficial, but not essential.
              </p>
            </div>
            <div
              className="o-survey_answer"
            >
              <div
                className="m-form-field m-form-field__radio m-form-field__lg-target"
              >
                <input
                  checked={false}
                  className="a-radio"
                  id="quality-crt-question-1.3.3a"
                  name="quality-crt-question-1.3.3"
                  onChange={[Function]}
                  type="radio"
                  value="0"
                />
                <label
                  className="a-label"
                  htmlFor="quality-crt-question-1.3.3a"
                >
                  Yes
                </label>
              </div>
              <div
                className="m-form-field m-form-field__radio m-form-field__lg-target"
              >
                <input
                  checked={false}
                  className="a-radio"
                  id="quality-crt-question-1.3.3b"
                  name="quality-crt-question-1.3.3"
                  onChange={[Function]}
                  type="radio"
                  value="0"
                />
                <label
                  className="a-label"
                  htmlFor="quality-crt-question-1.3.3b"
                >
                  No
                </label>
              </div>
            </div>
          </div>
        </div>
      </li>
    </ol>
    <div
      className="m-form-field m-form-field__textarea"
    >
      <label
        className="a-label a-label__heading"
        htmlFor="quality-crt-notes-optional-1"
      >
        My notes  
        <small
          className="a-label_helper"
        >
          (optional)
        </small>
        <small
          className="a-label_helper a-label_helper__block"
        >
          Anything you want to note about this criterion? Please do not share any Personally Identifiable Information (PII), including, but not limited to, your name, address, phone number, email address, Social Security number, etc.
        </small>
      </label>
      <textarea
        className="a-text-input a-text-input__full"
        id="quality-crt-notes-optional-1"
        onChange={[Function]}
        rows="6"
        value={undefined}
      />
    </div>
  </div>,
  <div
    className="block block__flush-top"
  >
    <h3
      className="h2"
    >
      <button
        className="a-btn a-btn__heading a-btn__no-line"
        onClick={[Function]}
      >
        <span
          className="a-icon a-icon__space-after"
        >
          <svg
            class="cf-icon-svg"
            viewBox="0 0 1000 1200"
            xmlns="http://www.w3.org/2000/svg"
          >
            <path
              d="M500 105.2c-276.1 0-500 223.9-500 500s223.9 500 500 500 500-223.9 500-500-223.9-500-500-500zm263.1 550.7H549.6v213.6c0 27.6-22.4 50-50 50s-50-22.4-50-50V655.9H236c-27.6 0-50-22.4-50-50s22.4-50 50-50h213.6V342.3c0-27.6 22.4-50 50-50s50 22.4 50 50v213.6h213.6c27.6 0 50 22.4 50 50s-22.5 50-50.1 50z"
            />
          </svg>
        </span>
        Criterion 2: Accuracy and timeliness
      </button>
    </h3>
  </div>,
  <div
    className="l-survey-top"
  >
    <button
      className="a-btn a-btn__link"
      onClick={[Function]}
    >
      <span
        className="a-icon a-icon__large a-icon__space-after"
      >
        <svg
          className="cf-icon-svg"
          viewBox="0 0 1000 1200"
          xmlns="http://www.w3.org/2000/svg"
        >
          <path
            d="M500 105.2c-276.1 0-500 223.9-500 500s223.9 500 500 500 500-223.9 500-500-223.9-500-500-500zm59.5 816.2c-6.5 15.2-18.6 27.3-33.7 33.7l-.3.1c-7.7 3.2-15.9 4.9-24.2 4.9-25.8.2-49.2-15.1-59.3-38.9-10.2-23.7-4.8-51.2 13.6-69.3 6-5.7 12.9-10.3 20.6-13.4 7.9-3.3 16.5-5 25.1-5 8.3 0 16.5 1.7 24.2 5l.2.1c7.5 3.2 14.3 7.7 20.2 13.4 18.3 18.2 23.6 45.6 13.6 69.4zm115.7-430.5c-4.1 15.2-10.1 29.9-17.7 43.7-7 12.4-15.1 24.2-24.2 35.1-8.8 10.4-17.3 20.3-25.4 29.5-.4.4-.8.8-1.2 1.3-7.6 8-14.6 15.6-20.8 22.9-6.6 7.6-12.4 15.9-17.4 24.7-5.2 9.2-9.1 19.1-11.8 29.3-2.8 10.7-4.3 23.2-4.3 37.2v2.2c0 27.4-22.4 49.8-50 49.8s-50-22.4-50-50v-2.2c0-22.7 2.6-43.8 7.6-62.9 4.9-18.6 12.1-36.4 21.6-53.2 8.2-14.3 17.7-27.8 28.5-40.3 7.1-8.3 15.1-17 23.6-26 7.3-8.3 15.1-17.3 23.1-26.8 5.2-6.3 9.8-13 13.8-20.1 3.6-6.7 6.4-13.8 8.4-21.2 1.4-5.1 3.1-14.1 3.1-28.4a80.7 80.7 0 0 0-6.2-32.5c-4.1-10.1-10.1-19.2-17.7-27-7.5-7.6-16.5-13.7-26.4-17.8-9.7-4.2-20.1-6.2-30.7-6-10.9-.2-21.7 1.9-31.7 6.2-20.5 8.5-36.7 24.8-45.2 45.3-4.3 10-6.4 20.9-6.2 31.8v1.2c0 27.6-22.4 50-50 50s-50-22.4-50-50v-1.3c0-25.5 4.7-48.8 14.3-71.2 18.5-44 53.5-79 97.4-97.6 22.4-9.7 45.8-14.4 71.3-14.4 24.2-.2 48.3 4.7 70.5 14.4 43.7 18.7 78.3 53.7 96.4 97.6 9.5 22.5 14.1 45.8 14.1 71.4 0 20.5-2.3 39.1-6.8 55.3z"
          />
        </svg>
      </span>
      Can I save my work?
    </button>
    <div
      aria-describedby="modal-save-work_desc"
      aria-hidden="true"
      aria-labelledby="modal-save-work_title"
      className="o-modal"
      id="modal-save-work"
      role="alertdialog"
    >
      <div
        className="o-modal_backdrop"
      />
      <div
        className="o-modal_container"
      >
        <form
          className="o-modal_content"
        >
          <div
            className="o-modal_body"
          >
            <button
              className="o-modal_close a-btn a-btn__link"
              onClick={[Function]}
            >
              Close
              <span
                className="a-icon a-icon__large a-icon__space-before"
              >
                <svg
                  class="cf-icon-svg"
                  viewBox="0 0 1000 1200"
                  xmlns="http://www.w3.org/2000/svg"
                >
                  <path
                    d="M500 105.2c-276.1 0-500 223.9-500 500s223.9 500 500 500 500-223.9 500-500-223.9-500-500-500zm261.8 692.2c19.4 19.6 19.3 51.3-.3 70.7-19.5 19.3-50.9 19.3-70.4 0L499.6 676.6 308 868.1c-19.6 19.4-51.3 19.3-70.7-.3-19.3-19.5-19.3-50.9 0-70.4l191.6-191.5-191.6-191.6c-19.3-19.8-18.9-51.4.9-70.7 19.4-18.9 50.4-18.9 69.8 0l191.6 191.5 191.5-191.5c19.6-19.4 51.3-19.3 70.7.3 19.3 19.5 19.3 50.9 0 70.4L570.3 605.9l191.5 191.5z"
                  />
                </svg>
              </span>
            </button>
            <h1
              className="h3"
              id="modal-save-work_title"
            >
              Saving your work
            </h1>
            <div
              id="modal-save-work_desc"
            >
              <p>
                This tool uses cookies to 
                <strong>
                  temporarily
                </strong>
                 save your work. To see answers you’ve already completed, you need to use the same computer and browser, and don’t clear your cookies.
              </p>
              <p>
                To save a permanent copy of your work, please print the summary or save it as a PDF for every dimension as you complete it. You can also print or save a summary of the entire review. Learn how to 
                <a
                  href="https://www.consumerfinance.gov/consumer-tools/save-as-pdf-instructions/"
                  rel="noopener noreferrer"
                  target="_blank"
                >
                  save the summary as a PDF
                </a>
                .
              </p>
              <p>
                You can only work on a single curriculum at a time
              </p>
            </div>
          </div>
          <div
            className="o-modal_footer"
          >
            <button
              className="a-btn"
              onClick={[Function]}
            >
              Close
            </button>
          </div>
        </form>
      </div>
    </div>
  </div>,
  <h2
    className="h4"
  >
    You’re Reviewing: 
    <b />
  </h2>,
]
`;
