// Jest Snapshot v1, https://goo.gl/fbAQLP

exports[`Utility Criterion Page uses state to populate values 1`] = `
Array [
  <hr
    className="hr u-mb45 u-mt30"
  />,
  <h2
    className="h1"
  >
    <span
      className="a-icon a-icon__large"
    >
      <svg
        className="cf-icon-svg"
        viewBox="0 0 1000 1200"
        xmlns="http://www.w3.org/2000/svg"
      >
        <path
          d="M500 105.2c-276.1 0-500 223.9-500 500s223.9 500 500 500 500-223.9 500-500-223.9-500-500-500zm353.1 537.2c0 11-8.9 21.5-19.7 23.4l-60.1 10.4c-1.1.2-2.1.3-3.2.3-6.5 24.9-16.4 48.8-29.5 71 .8.8 1.5 1.6 2.1 2.5l35.2 49.8c6.3 9 5.2 22.7-2.6 30.5l-51.2 51.2c-7.8 7.8-21.5 9-30.5 2.6l-49.8-35.2c-.9-.6-1.7-1.3-2.5-2.1-22.2 13.1-46.1 23-71 29.5 0 1.1-.1 2.1-.3 3.2l-10.4 60.1c-1.9 10.8-12.4 19.7-23.4 19.7h-72.4c-11 0-21.5-8.9-23.4-19.7L430 879.5c-.2-1.1-.3-2.1-.3-3.2-24.9-6.5-48.8-16.4-71-29.5-.8.8-1.6 1.5-2.5 2.1l-49.9 35.2c-9 6.3-22.7 5.2-30.5-2.6l-51.2-51.2c-7.8-7.8-9-21.5-2.6-30.5l35.2-49.8c.6-.9 1.3-1.7 2.1-2.5-13.1-22.2-23-46.1-29.4-71-1.1 0-2.1-.1-3.2-.3l-60.1-10.4c-10.8-1.9-19.7-12.4-19.7-23.4V570c0-11 8.9-21.5 19.7-23.4l60.1-10.4c1.1-.2 2.2-.2 3.2-.2 6.5-24.9 16.4-48.8 29.5-71-.8-.8-1.5-1.6-2.1-2.5l-35.2-49.9c-6.3-9-5.2-22.7 2.6-30.5l51.1-51.2c7.8-7.8 21.5-9 30.5-2.6l49.9 35.2c.9.6 1.7 1.3 2.5 2.1 22.2-13.1 46.1-23 71-29.5 0-1.1.1-2.1.2-3.2l10.4-60.1c1.9-10.8 12.4-19.7 23.4-19.7h72.4c11 0 21.5 8.9 23.4 19.7L570 333c.2 1.1.3 2.1.3 3.2 24.9 6.5 48.8 16.4 71 29.5.8-.8 1.6-1.5 2.5-2.1l49.8-35.2c9-6.3 22.7-5.2 30.5 2.6l51.2 51.2c7.8 7.8 9 21.5 2.6 30.5l-35.2 49.8c-.6.9-1.3 1.7-2.1 2.5 13 22.2 22.9 46.1 29.4 71 1.1 0 2.1.1 3.2.3l60.1 10.4c10.9 1.8 19.8 12.3 19.8 23.3v72.4z"
        />
        <circle
          cx="500"
          cy="606.2"
          r="120.2"
        />
      </svg>
    </span>
     Utility
  </h2>,
  <p
    className="lead-paragraph"
  >
    The utility dimension evaluates the supports for using the curriculum. Such supports include guidance for teachers, materials that facilitate strong and effective instruction, and assessments to measure student mastery of skills and knowledge. Evaluation criteria are based on research and major national and state education standards. 
    <a
      href="https://s3.amazonaws.com/files.consumerfinance.gov/f/201509_cfpb_youth-financialeducation-curriculum-review.pdf"
      rel="noopener noreferrer"
      target="_blank"
    >
      Learn more about how the review was developed
    </a>
    .
  </p>,
  <h3
    className="h2"
  >
    Instructions
  </h3>,
  <ul>
    <li>
      Read lessons plans and supporting materials for the curriculum.
    </li>
    <li>
      Answer each of the following questions.
    </li>
  </ul>,
  <div
    className="o-well u-mb30 u-mt30"
  >
    <h4>
      This dimension has 
      <em>
        essential
      </em>
       and 
      <em>
        beneficial
      </em>
       components.
    </h4>
    <p>
      <b>
        <em>
          Essential components
        </em>
      </b>
       have been shown to positively impact student learning.
      <br />
      <b>
        <em>
          Beneficial components
        </em>
      </b>
       hold promise for positive impact on student learning, but may be more relevant and useful for some reviewers. Beneficial components are marked with a note; all others are essential. You must answer all components.
    </p>
    <p>
      <button
        className="a-btn a-btn__link"
        onClick={[Function]}
      >
        <span
          className="a-icon a-icon__large"
        />
         
        How can I save my work?
      </button>
      <div
        aria-describedby="modal-save-work_desc"
        aria-hidden="true"
        aria-labelledby="modal-save-work_title"
        className="o-modal"
        id="modal-save-work"
        role="alertdialog"
      >
        <div
          className="o-modal_backdrop"
        />
        <div
          className="o-modal_container"
        >
          <form
            className="o-modal_content"
          >
            <div
              className="o-modal_body"
            >
              <button
                className="o-modal_close a-btn a-btn__link"
                onClick={[Function]}
              >
                Close  
                <span
                  className="a-icon a-icon__large"
                >
                  <svg
                    className="cf-icon-svg"
                    viewBox="0 0 1000 1200"
                    xmlns="http://www.w3.org/2000/svg"
                  >
                    <path
                      d="M500 105.2c-276.1 0-500 223.9-500 500s223.9 500 500 500 500-223.9 500-500-223.9-500-500-500zm261.8 692.2c19.4 19.6 19.3 51.3-.3 70.7-19.5 19.3-50.9 19.3-70.4 0L499.6 676.6 308 868.1c-19.6 19.4-51.3 19.3-70.7-.3-19.3-19.5-19.3-50.9 0-70.4l191.6-191.5-191.6-191.6c-19.3-19.8-18.9-51.4.9-70.7 19.4-18.9 50.4-18.9 69.8 0l191.6 191.5 191.5-191.5c19.6-19.4 51.3-19.3 70.7.3 19.3 19.5 19.3 50.9 0 70.4L570.3 605.9l191.5 191.5z"
                    />
                  </svg>
                </span>
              </button>
              <h1
                className="h4"
                id="modal-save-work_title"
              >
                Saving your work
              </h1>
              <div
                id="modal-save-work_desc"
              >
                <p>
                  This tool uses cookies to 
                  <strong>
                    temporarily
                  </strong>
                   save your work. To see answers you’ve already completed, you need to use the same computer and browser, and don’t clear your cookies.
                </p>
                <p>
                  To save a permanent copy of your work, please print the summary or save it as a PDF for every dimension as you complete it. You can also print or save a summary of the entire review. Learn how to 
                  <a
                    href="https://www.consumerfinance.gov/consumer-tools/save-as-pdf-instructions/"
                    rel="noopener noreferrer"
                    target="_blank"
                  >
                    save the summary as a PDF
                  </a>
                  .
                </p>
                <p>
                  You can only work on a single curriculum at a time
                </p>
              </div>
            </div>
            <div
              className="o-modal_footer"
            >
              <button
                className="a-btn"
                onClick={[Function]}
              >
                Close
              </button>
            </div>
          </form>
        </div>
      </div>
    </p>
  </div>,
  <hr
    className="hr u-mb30 u-mt30"
  />,
  <div
    className="block block__flush-top"
  >
    <h3
      className="h2"
    >
      Criterion 1: Materials to support cognitive development
    </h3>
    <p
      className="lead-paragraph"
    >
      Do the materials provide instructional suggestions designed to support the cognitive development of students’ financial capability?
    </p>
    <ol
      className="m-list__unstyled"
    >
      <li
        className="o-survey"
      >
        <div
          className="o-survey_number"
        >
          <h4
            className="h3"
          >
            1.1
          </h4>
        </div>
        <div
          className="o-survey_indicator"
        >
          <h5
            className="h3"
          >
            Indicator
          </h5>
          <p>
             Includes a balanced focus on concepts, procedures, and application.
          </p>
        </div>
        <div
          className="o-survey_components"
        >
          <h5
            className="h3"
          >
            Component
          </h5>
          <div
            className="o-survey_component"
          >
            <div
              className="o-survey_question"
            >
              <p>
                Are there multiple activities for 
                <strong>
                  conceptual learning
                </strong>
                 that describe underlying ideas in writing and verbally? (e.g., being an informed consumer)
              </p>
            </div>
            <div
              className="o-survey_answer"
            >
              <div
                className="m-form-field m-form-field__radio m-form-field__lg-target"
              >
                <input
                  checked={false}
                  className="a-radio"
                  id="utility-crt-question-1.1.1a"
                  name="utility-crt-question-1.1.1"
                  onChange={[Function]}
                  type="radio"
                  value="1"
                />
                <label
                  className="a-label"
                  htmlFor="utility-crt-question-1.1.1a"
                >
                  Yes
                </label>
              </div>
              <div
                className="m-form-field m-form-field__radio m-form-field__lg-target"
              >
                <input
                  checked={false}
                  className="a-radio"
                  id="utility-crt-question-1.1.1b"
                  name="utility-crt-question-1.1.1"
                  onChange={[Function]}
                  type="radio"
                  value="0"
                />
                <label
                  className="a-label"
                  htmlFor="utility-crt-question-1.1.1b"
                >
                  No
                </label>
              </div>
            </div>
          </div>
          <div
            className="o-survey_component"
          >
            <div
              className="o-survey_question"
            >
              <p>
                Are there multiple activities for 
                <strong>
                  procedural learning
                </strong>
                , such as memorizing content or practicing processes accurately and quickly? (e.g., knowing how to calculate interest or define a student loan)
              </p>
            </div>
            <div
              className="o-survey_answer"
            >
              <div
                className="m-form-field m-form-field__radio m-form-field__lg-target"
              >
                <input
                  checked={false}
                  className="a-radio"
                  id="utility-crt-question-1.1.2a"
                  name="utility-crt-question-1.1.2"
                  onChange={[Function]}
                  type="radio"
                  value="1"
                />
                <label
                  className="a-label"
                  htmlFor="utility-crt-question-1.1.2a"
                >
                  Yes
                </label>
              </div>
              <div
                className="m-form-field m-form-field__radio m-form-field__lg-target"
              >
                <input
                  checked={false}
                  className="a-radio"
                  id="utility-crt-question-1.1.2b"
                  name="utility-crt-question-1.1.2"
                  onChange={[Function]}
                  type="radio"
                  value="0"
                />
                <label
                  className="a-label"
                  htmlFor="utility-crt-question-1.1.2b"
                >
                  No
                </label>
              </div>
            </div>
          </div>
          <div
            className="o-survey_component"
          >
            <div
              className="o-survey_question"
            >
              <p>
                Are there multiple 
                <strong>
                  application
                </strong>
                 activities that allow students to independently use knowledge and skills in simulated or real situations, choosing a strategy to solve problems with persistence? (e.g., making a budget)
              </p>
            </div>
            <div
              className="o-survey_answer"
            >
              <div
                className="m-form-field m-form-field__radio m-form-field__lg-target"
              >
                <input
                  checked={false}
                  className="a-radio"
                  id="utility-crt-question-1.1.3a"
                  name="utility-crt-question-1.1.3"
                  onChange={[Function]}
                  type="radio"
                  value="1"
                />
                <label
                  className="a-label"
                  htmlFor="utility-crt-question-1.1.3a"
                >
                  Yes
                </label>
              </div>
              <div
                className="m-form-field m-form-field__radio m-form-field__lg-target"
              >
                <input
                  checked={false}
                  className="a-radio"
                  id="utility-crt-question-1.1.3b"
                  name="utility-crt-question-1.1.3"
                  onChange={[Function]}
                  type="radio"
                  value="0"
                />
                <label
                  className="a-label"
                  htmlFor="utility-crt-question-1.1.3b"
                >
                  No
                </label>
              </div>
            </div>
          </div>
        </div>
      </li>
      <li
        className="o-survey"
      >
        <div
          className="o-survey_number"
        >
          <h4
            className="h3"
          >
            1.2
          </h4>
        </div>
        <div
          className="o-survey_indicator"
        >
          <h5
            className="h3"
          >
            Indicator
          </h5>
          <p>
            Requires higher-order skills like analysis, synthesis, and evaluation.
          </p>
        </div>
        <div
          className="o-survey_components"
        >
          <h5
            className="h3"
          >
            Component
          </h5>
          <div
            className="o-survey_component"
          >
            <div
              className="o-survey_question"
            >
              <p>
                Are students expected to 
                <strong>
                  engage
                </strong>
                 in discussion around financial constructs?
              </p>
            </div>
            <div
              className="o-survey_answer"
            >
              <div
                className="m-form-field m-form-field__radio m-form-field__lg-target"
              >
                <input
                  checked={false}
                  className="a-radio"
                  id="utility-crt-question-1.2.1a"
                  name="utility-crt-question-1.2.1"
                  onChange={[Function]}
                  type="radio"
                  value="1"
                />
                <label
                  className="a-label"
                  htmlFor="utility-crt-question-1.2.1a"
                >
                  Yes
                </label>
              </div>
              <div
                className="m-form-field m-form-field__radio m-form-field__lg-target"
              >
                <input
                  checked={false}
                  className="a-radio"
                  id="utility-crt-question-1.2.1b"
                  name="utility-crt-question-1.2.1"
                  onChange={[Function]}
                  type="radio"
                  value="0"
                />
                <label
                  className="a-label"
                  htmlFor="utility-crt-question-1.2.1b"
                >
                  No
                </label>
              </div>
            </div>
          </div>
          <div
            className="o-survey_component"
          >
            <div
              className="o-survey_question"
            >
              <p>
                Are students expected to 
                <strong>
                  explain
                </strong>
                 their reasoning for responses?
              </p>
            </div>
            <div
              className="o-survey_answer"
            >
              <div
                className="m-form-field m-form-field__radio m-form-field__lg-target"
              >
                <input
                  checked={false}
                  className="a-radio"
                  id="utility-crt-question-1.2.2a"
                  name="utility-crt-question-1.2.2"
                  onChange={[Function]}
                  type="radio"
                  value="1"
                />
                <label
                  className="a-label"
                  htmlFor="utility-crt-question-1.2.2a"
                >
                  Yes
                </label>
              </div>
              <div
                className="m-form-field m-form-field__radio m-form-field__lg-target"
              >
                <input
                  checked={false}
                  className="a-radio"
                  id="utility-crt-question-1.2.2b"
                  name="utility-crt-question-1.2.2"
                  onChange={[Function]}
                  type="radio"
                  value="0"
                />
                <label
                  className="a-label"
                  htmlFor="utility-crt-question-1.2.2b"
                >
                  No
                </label>
              </div>
            </div>
          </div>
          <div
            className="o-survey_component"
          >
            <div
              className="o-survey_question"
            >
              <p>
                Are students expected to 
                <strong>
                  connect
                </strong>
                 constructs from different lessons within and beyond the financial education curriculum?
              </p>
            </div>
            <div
              className="o-survey_answer"
            >
              <div
                className="m-form-field m-form-field__radio m-form-field__lg-target"
              >
                <input
                  checked={false}
                  className="a-radio"
                  id="utility-crt-question-1.2.3a"
                  name="utility-crt-question-1.2.3"
                  onChange={[Function]}
                  type="radio"
                  value="1"
                />
                <label
                  className="a-label"
                  htmlFor="utility-crt-question-1.2.3a"
                >
                  Yes
                </label>
              </div>
              <div
                className="m-form-field m-form-field__radio m-form-field__lg-target"
              >
                <input
                  checked={false}
                  className="a-radio"
                  id="utility-crt-question-1.2.3b"
                  name="utility-crt-question-1.2.3"
                  onChange={[Function]}
                  type="radio"
                  value="0"
                />
                <label
                  className="a-label"
                  htmlFor="utility-crt-question-1.2.3b"
                >
                  No
                </label>
              </div>
            </div>
          </div>
          <div
            className="o-survey_component"
          >
            <div
              className="o-survey_question"
            >
              <p>
                Are students expected to 
                <strong>
                  reflect
                </strong>
                 on their knowledge?
              </p>
            </div>
            <div
              className="o-survey_answer"
            >
              <div
                className="m-form-field m-form-field__radio m-form-field__lg-target"
              >
                <input
                  checked={false}
                  className="a-radio"
                  id="utility-crt-question-1.2.4a"
                  name="utility-crt-question-1.2.4"
                  onChange={[Function]}
                  type="radio"
                  value="1"
                />
                <label
                  className="a-label"
                  htmlFor="utility-crt-question-1.2.4a"
                >
                  Yes
                </label>
              </div>
              <div
                className="m-form-field m-form-field__radio m-form-field__lg-target"
              >
                <input
                  checked={false}
                  className="a-radio"
                  id="utility-crt-question-1.2.4b"
                  name="utility-crt-question-1.2.4"
                  onChange={[Function]}
                  type="radio"
                  value="0"
                />
                <label
                  className="a-label"
                  htmlFor="utility-crt-question-1.2.4b"
                >
                  No
                </label>
              </div>
            </div>
          </div>
        </div>
      </li>
      <li
        className="o-survey"
      >
        <div
          className="o-survey_number"
        >
          <h4
            className="h3"
          >
            1.3
          </h4>
        </div>
        <div
          className="o-survey_indicator"
        >
          <h5
            className="h3"
          >
            Indicator
          </h5>
          <p>
            Promotes development of executive functioning.
          </p>
        </div>
        <div
          className="o-survey_components"
        >
          <h5
            className="h3"
          >
            Component
          </h5>
          <div
            className="o-survey_component"
          >
            <div
              className="o-survey_question"
            >
              <p>
                Are there activities designed to help students 
                <strong>
                  conceptualize their financial future
                </strong>
                ? (e.g., making financial plans for a meaningful future event, such as a birthday, and organizing their finances over time, such as making a savings calendar)
              </p>
            </div>
            <div
              className="o-survey_answer"
            >
              <div
                className="m-form-field m-form-field__radio m-form-field__lg-target"
              >
                <input
                  checked={false}
                  className="a-radio"
                  id="utility-crt-question-1.3.1a"
                  name="utility-crt-question-1.3.1"
                  onChange={[Function]}
                  type="radio"
                  value="1"
                />
                <label
                  className="a-label"
                  htmlFor="utility-crt-question-1.3.1a"
                >
                  Yes
                </label>
              </div>
              <div
                className="m-form-field m-form-field__radio m-form-field__lg-target"
              >
                <input
                  checked={false}
                  className="a-radio"
                  id="utility-crt-question-1.3.1b"
                  name="utility-crt-question-1.3.1"
                  onChange={[Function]}
                  type="radio"
                  value="0"
                />
                <label
                  className="a-label"
                  htmlFor="utility-crt-question-1.3.1b"
                >
                  No
                </label>
              </div>
            </div>
          </div>
          <div
            className="o-survey_component"
          >
            <div
              className="o-survey_question"
            >
              <p>
                Are there activities that require students to consciously 
                <strong>
                  organize their learning strategies
                </strong>
                ? (e.g., figure out the best way to solve a financial problem)
              </p>
            </div>
            <div
              className="o-survey_answer"
            >
              <div
                className="m-form-field m-form-field__radio m-form-field__lg-target"
              >
                <input
                  checked={false}
                  className="a-radio"
                  id="utility-crt-question-1.3.2a"
                  name="utility-crt-question-1.3.2"
                  onChange={[Function]}
                  type="radio"
                  value="1"
                />
                <label
                  className="a-label"
                  htmlFor="utility-crt-question-1.3.2a"
                >
                  Yes
                </label>
              </div>
              <div
                className="m-form-field m-form-field__radio m-form-field__lg-target"
              >
                <input
                  checked={false}
                  className="a-radio"
                  id="utility-crt-question-1.3.2b"
                  name="utility-crt-question-1.3.2"
                  onChange={[Function]}
                  type="radio"
                  value="0"
                />
                <label
                  className="a-label"
                  htmlFor="utility-crt-question-1.3.2b"
                >
                  No
                </label>
              </div>
            </div>
          </div>
        </div>
      </li>
      <li
        className="o-survey"
      >
        <div
          className="o-survey_number"
        >
          <h4
            className="h3"
          >
            1.4
          </h4>
        </div>
        <div
          className="o-survey_indicator"
        >
          <h5
            className="h3"
          >
            Indicator
          </h5>
          <p>
            Encourages students to use specialized financial vocabulary.
          </p>
        </div>
        <div
          className="o-survey_components"
        >
          <h5
            className="h3"
          >
            Component
          </h5>
          <div
            className="o-survey_component"
          >
            <div
              className="o-survey_question"
            >
              <p>
                Do lessons introduce, define, and use 
                <strong>
                  important financial terms
                </strong>
                 needed for understanding and communicating about important financial topics?
              </p>
            </div>
            <div
              className="o-survey_answer"
            >
              <div
                className="m-form-field m-form-field__radio m-form-field__lg-target"
              >
                <input
                  checked={false}
                  className="a-radio"
                  id="utility-crt-question-1.4a"
                  name="utility-crt-question-1.4"
                  onChange={[Function]}
                  type="radio"
                  value="1"
                />
                <label
                  className="a-label"
                  htmlFor="utility-crt-question-1.4a"
                >
                  Yes
                </label>
              </div>
              <div
                className="m-form-field m-form-field__radio m-form-field__lg-target"
              >
                <input
                  checked={false}
                  className="a-radio"
                  id="utility-crt-question-1.4b"
                  name="utility-crt-question-1.4"
                  onChange={[Function]}
                  type="radio"
                  value="0"
                />
                <label
                  className="a-label"
                  htmlFor="utility-crt-question-1.4b"
                >
                  No
                </label>
              </div>
            </div>
          </div>
        </div>
      </li>
    </ol>
    <div
      className="m-form-field m-form-field__textarea"
    >
      <label
        className="a-label a-label__heading"
        htmlFor="utility-crt-notes-optional-1"
      >
        My notes  
        <small
          className="a-label_helper"
        >
          (optional)
        </small>
        <small
          className="a-label_helper a-label_helper__block"
        >
          Anything you want to note about this criterion? Please do not share any Personally Identifiable Information (PII), including, but not limited to, your name, address, pho number, email address, Social Security number, etc.
        </small>
      </label>
      <textarea
        className="a-text-input a-text-input__full"
        id="utility-crt-notes-optional-1"
        onChange={[Function]}
        rows="6"
        value={undefined}
      />
    </div>
  </div>,
  <div
    className="block block__flush-top"
  >
    <h3
      className="h2"
    >
      <button
        className="a-btn a-btn__heading"
        onClick={[Function]}
      >
        <span
          className="a-icon"
        >
          <svg
            className="cf-icon-svg"
            viewBox="0 0 1000 1200"
            xmlns="http://www.w3.org/2000/svg"
          >
            <path
              d="M500 105.2c-276.1 0-500 223.9-500 500s223.9 500 500 500 500-223.9 500-500-223.9-500-500-500zm263.1 550.7H549.6v213.6c0 27.6-22.4 50-50 50s-50-22.4-50-50V655.9H236c-27.6 0-50-22.4-50-50s22.4-50 50-50h213.6V342.3c0-27.6 22.4-50 50-50s50 22.4 50 50v213.6h213.6c27.6 0 50 22.4 50 50s-22.5 50-50.1 50z"
            />
          </svg>
        </span>
         
        Criterion 2: Differentiated instruction for diverse populations
      </button>
    </h3>
  </div>,
  <div
    className="l-survey-top"
  >
    <button
      className="a-btn a-btn__link"
      onClick={[Function]}
    >
      <span
        className="a-icon a-icon__large"
      >
        <svg
          class="cf-icon-svg"
          viewBox="0 0 1000 1200"
          xmlns="http://www.w3.org/2000/svg"
        >
          <path
            d="M500 105.2c-276.1 0-500 223.9-500 500s223.9 500 500 500 500-223.9 500-500-223.9-500-500-500zm59.5 816.2c-6.5 15.2-18.6 27.3-33.7 33.7l-.3.1c-7.7 3.2-15.9 4.9-24.2 4.9-25.8.2-49.2-15.1-59.3-38.9-10.2-23.7-4.8-51.2 13.6-69.3 6-5.7 12.9-10.3 20.6-13.4 7.9-3.3 16.5-5 25.1-5 8.3 0 16.5 1.7 24.2 5l.2.1c7.5 3.2 14.3 7.7 20.2 13.4 18.3 18.2 23.6 45.6 13.6 69.4zm115.7-430.5c-4.1 15.2-10.1 29.9-17.7 43.7-7 12.4-15.1 24.2-24.2 35.1-8.8 10.4-17.3 20.3-25.4 29.5-.4.4-.8.8-1.2 1.3-7.6 8-14.6 15.6-20.8 22.9-6.6 7.6-12.4 15.9-17.4 24.7-5.2 9.2-9.1 19.1-11.8 29.3-2.8 10.7-4.3 23.2-4.3 37.2v2.2c0 27.4-22.4 49.8-50 49.8s-50-22.4-50-50v-2.2c0-22.7 2.6-43.8 7.6-62.9 4.9-18.6 12.1-36.4 21.6-53.2 8.2-14.3 17.7-27.8 28.5-40.3 7.1-8.3 15.1-17 23.6-26 7.3-8.3 15.1-17.3 23.1-26.8 5.2-6.3 9.8-13 13.8-20.1 3.6-6.7 6.4-13.8 8.4-21.2 1.4-5.1 3.1-14.1 3.1-28.4a80.7 80.7 0 0 0-6.2-32.5c-4.1-10.1-10.1-19.2-17.7-27-7.5-7.6-16.5-13.7-26.4-17.8-9.7-4.2-20.1-6.2-30.7-6-10.9-.2-21.7 1.9-31.7 6.2-20.5 8.5-36.7 24.8-45.2 45.3-4.3 10-6.4 20.9-6.2 31.8v1.2c0 27.6-22.4 50-50 50s-50-22.4-50-50v-1.3c0-25.5 4.7-48.8 14.3-71.2 18.5-44 53.5-79 97.4-97.6 22.4-9.7 45.8-14.4 71.3-14.4 24.2-.2 48.3 4.7 70.5 14.4 43.7 18.7 78.3 53.7 96.4 97.6 9.5 22.5 14.1 45.8 14.1 71.4 0 20.5-2.3 39.1-6.8 55.3z"
          />
        </svg>
      </span>
       
      Can I save my work?
    </button>
    <div
      aria-describedby="modal-save-work_desc"
      aria-hidden="true"
      aria-labelledby="modal-save-work_title"
      className="o-modal"
      id="modal-save-work"
      role="alertdialog"
    >
      <div
        className="o-modal_backdrop"
      />
      <div
        className="o-modal_container"
      >
        <form
          className="o-modal_content"
        >
          <div
            className="o-modal_body"
          >
            <button
              className="o-modal_close a-btn a-btn__link"
              onClick={[Function]}
            >
              Close  
              <span
                className="a-icon a-icon__large"
              >
                <svg
                  className="cf-icon-svg"
                  viewBox="0 0 1000 1200"
                  xmlns="http://www.w3.org/2000/svg"
                >
                  <path
                    d="M500 105.2c-276.1 0-500 223.9-500 500s223.9 500 500 500 500-223.9 500-500-223.9-500-500-500zm261.8 692.2c19.4 19.6 19.3 51.3-.3 70.7-19.5 19.3-50.9 19.3-70.4 0L499.6 676.6 308 868.1c-19.6 19.4-51.3 19.3-70.7-.3-19.3-19.5-19.3-50.9 0-70.4l191.6-191.5-191.6-191.6c-19.3-19.8-18.9-51.4.9-70.7 19.4-18.9 50.4-18.9 69.8 0l191.6 191.5 191.5-191.5c19.6-19.4 51.3-19.3 70.7.3 19.3 19.5 19.3 50.9 0 70.4L570.3 605.9l191.5 191.5z"
                  />
                </svg>
              </span>
            </button>
            <h1
              className="h4"
              id="modal-save-work_title"
            >
              Saving your work
            </h1>
            <div
              id="modal-save-work_desc"
            >
              <p>
                This tool uses cookies to 
                <strong>
                  temporarily
                </strong>
                 save your work. To see answers you’ve already completed, you need to use the same computer and browser, and don’t clear your cookies.
              </p>
              <p>
                To save a permanent copy of your work, please print the summary or save it as a PDF for every dimension as you complete it. You can also print or save a summary of the entire review. Learn how to 
                <a
                  href="https://www.consumerfinance.gov/consumer-tools/save-as-pdf-instructions/"
                  rel="noopener noreferrer"
                  target="_blank"
                >
                  save the summary as a PDF
                </a>
                .
              </p>
              <p>
                You can only work on a single curriculum at a time
              </p>
            </div>
          </div>
          <div
            className="o-modal_footer"
          >
            <button
              className="a-btn"
              onClick={[Function]}
            >
              Close
            </button>
          </div>
        </form>
      </div>
    </div>
  </div>,
  <h2
    className="h4"
  >
    You’re Reviewing: 
    <b />
  </h2>,
]
`;
